=== clone start: 2026-05-09T16:50:25+08:00 ===
[1/44] Anuken/Mindustry -> Anuken_Mindustry
  OK  545s  2.0G
[2/44] FCL-Team/FoldCraftLauncher -> FCL-Team_FoldCraftLauncher
  OK  797s  1.8G
[3/44] Gedsh/InviZible -> Gedsh_InviZible
  OK  625s  2.1G
[4/44] Konloch/bytecode-viewer -> Konloch_bytecode-viewer
  OK  188s  642M
[5/44] LuckSiege/PictureSelector -> LuckSiege_PictureSelector
  OK  155s  565M
[6/44] M66B/FairEmail -> M66B_FairEmail
  OK  475s  1.2G
[7/44] OpenAPITools/openapi-generator -> OpenAPITools_openapi-generator
  OK  316s  1.6G
[8/44] PojavLauncherTeam/PojavLauncher -> PojavLauncherTeam_PojavLauncher
  OK  259s  1.1G
[9/44] SonarSource/sonarqube -> SonarSource_sonarqube
  OK  284s  1.1G
[10/44] aimacode/aima-java -> aimacode_aima-java
  OK  229s  1.1G
[11/44] alldatacenter/alldata -> alldatacenter_alldata
  OK  474s  1.7G
[12/44] androidx/media -> androidx_media
  OK  228s  1.3G
[13/44] apache/hive -> apache_hive
  OK  234s  1.2G
[14/44] apache/kylin -> apache_kylin
  OK  166s  848M
[15/44] apache/shardingsphere -> apache_shardingsphere
  OK  204s  982M
[16/44] bisq-network/bisq -> bisq-network_bisq
  OK  286s  1.7G
[17/44] deeplearning4j/deeplearning4j -> deeplearning4j_deeplearning4j
  OK  241s  1016M
[18/44] fabric8io/kubernetes-client -> fabric8io_kubernetes-client
  OK  156s  647M
[19/44] flyway/flyway -> flyway_flyway
  OK  416s  1.5G
[20/44] fossasia/phimpme-android -> fossasia_phimpme-android
  OK  170s  606M
[21/44] gephi/gephi -> gephi_gephi
  OK  189s  695M
[22/44] google/ExoPlayer -> google_ExoPlayer
  OK  142s  704M
[23/44] google/guava -> google_guava
  OK  403s  1.4G
[24/44] h2oai/h2o-2 -> h2oai_h2o-2
  OK  195s  1.3G
[25/44] hapifhir/hapi-fhir -> hapifhir_hapi-fhir
  OK  319s  1.8G
[26/44] igniterealtime/Openfire -> igniterealtime_Openfire
  OK  252s  902M
[27/44] iterate-ch/cyberduck -> iterate-ch_cyberduck
  OK  193s  783M
[28/44] jMonkeyEngine/jmonkeyengine -> jMonkeyEngine_jmonkeyengine
  OK  301s  1.4G
[29/44] jitsi/jitsi -> jitsi_jitsi
  OK  171s  617M
[30/44] kermitt2/grobid -> kermitt2_grobid
  OK  578s  3.8G
[31/44] keycloak/keycloak -> keycloak_keycloak
  OK  177s  748M
[32/44] killbill/killbill -> killbill_killbill
  OK  194s  711M
[33/44] lbryio/lbry-android -> lbryio_lbry-android
  OK  147s  507M
[34/44] libgdx/libgdx -> libgdx_libgdx
  OK  315s  1.2G
[35/44] magefree/mage -> magefree_mage
  OK  293s  1.2G
[36/44] nextcloud/android -> nextcloud_android
  OK  180s  682M
[37/44] questdb/questdb -> questdb_questdb
  OK  518s  2.0G
[38/44] raphw/byte-buddy -> raphw_byte-buddy
fatal: 无法访问 'https://github.com/raphw/byte-buddy.git/'：GnuTLS, handshake failed: The TLS connection was non-properly terminated.
  attempt 1 failed, removing partial clone
fatal: 无法访问 'https://github.com/raphw/byte-buddy.git/'：GnuTLS, handshake failed: The TLS connection was non-properly terminated.
  attempt 2 failed, removing partial clone
  GAVE UP on raphw/byte-buddy
[39/44] sksamuel/scrimage -> sksamuel_scrimage
fatal: 无法访问 'https://github.com/sksamuel/scrimage.git/'：GnuTLS, handshake failed: The TLS connection was non-properly terminated.
  attempt 1 failed, removing partial clone
fatal: 无法访问 'https://github.com/sksamuel/scrimage.git/'：GnuTLS, handshake failed: The TLS connection was non-properly terminated.
  attempt 2 failed, removing partial clone
  GAVE UP on sksamuel/scrimage
[40/44] soot-oss/soot -> soot-oss_soot
fatal: 无法访问 'https://github.com/soot-oss/soot.git/'：GnuTLS, handshake failed: The TLS connection was non-properly terminated.
  attempt 1 failed, removing partial clone
fatal: 无法访问 'https://github.com/soot-oss/soot.git/'：GnuTLS, handshake failed: The TLS connection was non-properly terminated.
  attempt 2 failed, removing partial clone
  GAVE UP on soot-oss/soot
[41/44] sparrowwallet/sparrow -> sparrowwallet_sparrow
fatal: 无法访问 'https://github.com/sparrowwallet/sparrow.git/'：GnuTLS, handshake failed: The TLS connection was non-properly terminated.
  attempt 1 failed, removing partial clone
fatal: 无法访问 'https://github.com/sparrowwallet/sparrow.git/'：GnuTLS, handshake failed: The TLS connection was non-properly terminated.
  attempt 2 failed, removing partial clone
  GAVE UP on sparrowwallet/sparrow
[42/44] synthetichealth/synthea -> synthetichealth_synthea
fatal: 无法访问 'https://github.com/synthetichealth/synthea.git/'：GnuTLS, handshake failed: The TLS connection was non-properly terminated.
  attempt 1 failed, removing partial clone
fatal: 无法访问 'https://github.com/synthetichealth/synthea.git/'：GnuTLS, handshake failed: The TLS connection was non-properly terminated.
  attempt 2 failed, removing partial clone
  GAVE UP on synthetichealth/synthea
[43/44] triplea-game/triplea -> triplea-game_triplea
fatal: 无法访问 'https://github.com/triplea-game/triplea.git/'：GnuTLS, handshake failed: The TLS connection was non-properly terminated.
  attempt 1 failed, removing partial clone
fatal: 无法访问 'https://github.com/triplea-game/triplea.git/'：GnuTLS, handshake failed: The TLS connection was non-properly terminated.
  attempt 2 failed, removing partial clone
  GAVE UP on triplea-game/triplea
[44/44] zhkl0228/unidbg -> zhkl0228_unidbg
fatal: 无法访问 'https://github.com/zhkl0228/unidbg.git/'：GnuTLS, handshake failed: The TLS connection was non-properly terminated.
  attempt 1 failed, removing partial clone
fatal: 无法访问 'https://github.com/zhkl0228/unidbg.git/'：GnuTLS, handshake failed: The TLS connection was non-properly terminated.
  attempt 2 failed, removing partial clone
  GAVE UP on zhkl0228/unidbg
=== clone done: 2026-05-09T19:56:20+08:00 ===
OK: 37    FAIL: 7
Failed repos:
  raphw/byte-buddy
  sksamuel/scrimage
  soot-oss/soot
  sparrowwallet/sparrow
  synthetichealth/synthea
  triplea-game/triplea
  zhkl0228/unidbg
=== clone start: 2026-05-09T20:42:55+08:00 ===
[1/44] Anuken/Mindustry -> Anuken_Mindustry
  already exists, skip
[2/44] FCL-Team/FoldCraftLauncher -> FCL-Team_FoldCraftLauncher
  already exists, skip
[3/44] Gedsh/InviZible -> Gedsh_InviZible
  already exists, skip
[4/44] Konloch/bytecode-viewer -> Konloch_bytecode-viewer
  already exists, skip
[5/44] LuckSiege/PictureSelector -> LuckSiege_PictureSelector
  already exists, skip
[6/44] M66B/FairEmail -> M66B_FairEmail
  already exists, skip
[7/44] OpenAPITools/openapi-generator -> OpenAPITools_openapi-generator
  already exists, skip
[8/44] PojavLauncherTeam/PojavLauncher -> PojavLauncherTeam_PojavLauncher
  already exists, skip
[9/44] SonarSource/sonarqube -> SonarSource_sonarqube
  already exists, skip
[10/44] aimacode/aima-java -> aimacode_aima-java
  already exists, skip
[11/44] alldatacenter/alldata -> alldatacenter_alldata
  already exists, skip
[12/44] androidx/media -> androidx_media
  already exists, skip
[13/44] apache/hive -> apache_hive
  already exists, skip
[14/44] apache/kylin -> apache_kylin
  already exists, skip
[15/44] apache/shardingsphere -> apache_shardingsphere
  already exists, skip
[16/44] bisq-network/bisq -> bisq-network_bisq
  already exists, skip
[17/44] deeplearning4j/deeplearning4j -> deeplearning4j_deeplearning4j
  already exists, skip
[18/44] fabric8io/kubernetes-client -> fabric8io_kubernetes-client
  already exists, skip
[19/44] flyway/flyway -> flyway_flyway
  already exists, skip
[20/44] fossasia/phimpme-android -> fossasia_phimpme-android
  already exists, skip
[21/44] gephi/gephi -> gephi_gephi
  already exists, skip
[22/44] google/ExoPlayer -> google_ExoPlayer
  already exists, skip
[23/44] google/guava -> google_guava
  already exists, skip
[24/44] h2oai/h2o-2 -> h2oai_h2o-2
  already exists, skip
[25/44] hapifhir/hapi-fhir -> hapifhir_hapi-fhir
  already exists, skip
[26/44] igniterealtime/Openfire -> igniterealtime_Openfire
  already exists, skip
[27/44] iterate-ch/cyberduck -> iterate-ch_cyberduck
  already exists, skip
[28/44] jMonkeyEngine/jmonkeyengine -> jMonkeyEngine_jmonkeyengine
  already exists, skip
[29/44] jitsi/jitsi -> jitsi_jitsi
  already exists, skip
[30/44] kermitt2/grobid -> kermitt2_grobid
  already exists, skip
[31/44] keycloak/keycloak -> keycloak_keycloak
  already exists, skip
[32/44] killbill/killbill -> killbill_killbill
  already exists, skip
[33/44] lbryio/lbry-android -> lbryio_lbry-android
  already exists, skip
[34/44] libgdx/libgdx -> libgdx_libgdx
  already exists, skip
[35/44] magefree/mage -> magefree_mage
  already exists, skip
[36/44] nextcloud/android -> nextcloud_android
  already exists, skip
[37/44] questdb/questdb -> questdb_questdb
  already exists, skip
[38/44] raphw/byte-buddy -> raphw_byte-buddy
  OK  314s  1.1G
[39/44] sksamuel/scrimage -> sksamuel_scrimage
  OK  183s  968M
[40/44] soot-oss/soot -> soot-oss_soot
  OK  414s  1.3G
[41/44] sparrowwallet/sparrow -> sparrowwallet_sparrow
  OK  204s  730M
[42/44] synthetichealth/synthea -> synthetichealth_synthea
  OK  252s  929M
[43/44] triplea-game/triplea -> triplea-game_triplea
  OK  209s  790M
[44/44] zhkl0228/unidbg -> zhkl0228_unidbg
Encountered 1 file that should have been a pointer, but wasn't:
	unidbg-ios/src/test/resources/app/TelegramMessenger-5.11.ipa
  OK  233s  921M
=== clone done: 2026-05-09T21:13:05+08:00 ===
OK: 44    FAIL: 0
=== clone start: 2026-05-12T16:29:01+08:00 ===
[1/44] Anuken/Mindustry -> Anuken_Mindustry
  already exists, skip
